  Determining projects to restore...
  Nothing to do. None of the projects specified contain packages to restore.
  ToshibaBinary2DbClassLibrary -> C:\Users\admin\Desktop\BinaryFileIntegration\ToshibaBinary2DbClassLibrary\bin\Debug\ToshibaBinary2DbClassLibrary.dll
  ToshibaLocal2Machines -> C:\Users\admin\Desktop\BinaryFileIntegration\ToshibaLocal2Machines\bin\Debug\ToshibaLocal2Machines.exe
C:\Users\admin\Desktop\BinaryFileIntegration\ToshibaBinary2Database\Program.cs(72,1): error CS8300: Merge conflict marker encountered [C:\Users\admin\Desktop\BinaryFileIntegration\ToshibaBinary2Database\ToshibaBinary2Database.csproj]
C:\Users\admin\Desktop\BinaryFileIntegration\ToshibaBinary2Database\Program.cs(76,1): error CS8300: Merge conflict marker encountered [C:\Users\admin\Desktop\BinaryFileIntegration\ToshibaBinary2Database\ToshibaBinary2Database.csproj]
C:\Users\admin\Desktop\BinaryFileIntegration\ToshibaBinary2Database\Program.cs(98,1): error CS8300: Merge conflict marker encountered [C:\Users\admin\Desktop\BinaryFileIntegration\ToshibaBinary2Database\ToshibaBinary2Database.csproj]
C:\Program Files\dotnet\sdk\9.0.306\Microsoft.Common.CurrentVersion.targets(5093,5): warning MSB3026: Could not copy "C:\Users\admin\Desktop\BinaryFileIntegration\ToshibaBinary2DbClassLibrary\bin\Debug\ToshibaBinary2DbClassLibrary.dll" to "bin\Debug\ToshibaBinary2DbClassLibrary.dll". Beginning retry 1 in 1000ms. The process cannot access the file 'C:\Users\admin\Desktop\BinaryFileIntegration\TBin2DbConsole\bin\Debug\ToshibaBinary2DbClassLibrary.dll' because it is being used by another process. The file is locked by: "TBin2DbConsole (159120)" [C:\Users\admin\Desktop\BinaryFileIntegration\TBin2DbConsole\ToshibaMachines2Local.csproj]
C:\Program Files\dotnet\sdk\9.0.306\Microsoft.Common.CurrentVersion.targets(5093,5): warning MSB3026: Could not copy "C:\Users\admin\Desktop\BinaryFileIntegration\ToshibaBinary2DbClassLibrary\bin\Debug\ToshibaBinary2DbClassLibrary.dll" to "bin\Debug\ToshibaBinary2DbClassLibrary.dll". Beginning retry 2 in 1000ms. The process cannot access the file 'C:\Users\admin\Desktop\BinaryFileIntegration\TBin2DbConsole\bin\Debug\ToshibaBinary2DbClassLibrary.dll' because it is being used by another process. The file is locked by: "TBin2DbConsole (159120)" [C:\Users\admin\Desktop\BinaryFileIntegration\TBin2DbConsole\ToshibaMachines2Local.csproj]
C:\Program Files\dotnet\sdk\9.0.306\Microsoft.Common.CurrentVersion.targets(3455,5): error MSB4216: Could not run the "GenerateResource" task because MSBuild could not create or connect to a task host with runtime "NET" and architecture "x86".  Please ensure that (1) the requested runtime and/or architecture are available on the machine, and (2) that the required executable "C:\Program Files\dotnet\sdk\9.0.306\MSBuild.dll" exists and can be run. [C:\Users\admin\Desktop\BinaryFileIntegration\ToshibaMacine2Local2DbWinService\ToshibaMacine2Local2DbWinService.csproj]
C:\Program Files\dotnet\sdk\9.0.306\Microsoft.Common.CurrentVersion.targets(3479,7): error MSB4028: The "GenerateResource" task's outputs could not be retrieved from the "FilesWritten" parameter. Object type Microsoft.Build.Tasks.GenerateResource does not match target type Microsoft.Build.BackEnd.TaskHostTask. [C:\Users\admin\Desktop\BinaryFileIntegration\ToshibaMacine2Local2DbWinService\ToshibaMacine2Local2DbWinService.csproj]
C:\Program Files\dotnet\sdk\9.0.306\Microsoft.Common.CurrentVersion.targets(5093,5): warning MSB3026: Could not copy "C:\Users\admin\Desktop\BinaryFileIntegration\ToshibaBinary2DbClassLibrary\bin\Debug\ToshibaBinary2DbClassLibrary.dll" to "bin\Debug\ToshibaBinary2DbClassLibrary.dll". Beginning retry 3 in 1000ms. The process cannot access the file 'C:\Users\admin\Desktop\BinaryFileIntegration\TBin2DbConsole\bin\Debug\ToshibaBinary2DbClassLibrary.dll' because it is being used by another process. The file is locked by: "TBin2DbConsole (159120)" [C:\Users\admin\Desktop\BinaryFileIntegration\TBin2DbConsole\ToshibaMachines2Local.csproj]
C:\Program Files\dotnet\sdk\9.0.306\Microsoft.Common.CurrentVersion.targets(5093,5): warning MSB3026: Could not copy "C:\Users\admin\Desktop\BinaryFileIntegration\ToshibaBinary2DbClassLibrary\bin\Debug\ToshibaBinary2DbClassLibrary.dll" to "bin\Debug\ToshibaBinary2DbClassLibrary.dll". Beginning retry 4 in 1000ms. The process cannot access the file 'C:\Users\admin\Desktop\BinaryFileIntegration\TBin2DbConsole\bin\Debug\ToshibaBinary2DbClassLibrary.dll' because it is being used by another process. The file is locked by: "TBin2DbConsole (159120)" [C:\Users\admin\Desktop\BinaryFileIntegration\TBin2DbConsole\ToshibaMachines2Local.csproj]
C:\Program Files\dotnet\sdk\9.0.306\Microsoft.Common.CurrentVersion.targets(5093,5): warning MSB3026: Could not copy "C:\Users\admin\Desktop\BinaryFileIntegration\ToshibaBinary2DbClassLibrary\bin\Debug\ToshibaBinary2DbClassLibrary.dll" to "bin\Debug\ToshibaBinary2DbClassLibrary.dll". Beginning retry 5 in 1000ms. The process cannot access the file 'C:\Users\admin\Desktop\BinaryFileIntegration\TBin2DbConsole\bin\Debug\ToshibaBinary2DbClassLibrary.dll' because it is being used by another process. The file is locked by: "TBin2DbConsole (159120)" [C:\Users\admin\Desktop\BinaryFileIntegration\TBin2DbConsole\ToshibaMachines2Local.csproj]
C:\Program Files\dotnet\sdk\9.0.306\Microsoft.Common.CurrentVersion.targets(5093,5): warning MSB3026: Could not copy "C:\Users\admin\Desktop\BinaryFileIntegration\ToshibaBinary2DbClassLibrary\bin\Debug\ToshibaBinary2DbClassLibrary.dll" to "bin\Debug\ToshibaBinary2DbClassLibrary.dll". Beginning retry 6 in 1000ms. The process cannot access the file 'C:\Users\admin\Desktop\BinaryFileIntegration\TBin2DbConsole\bin\Debug\ToshibaBinary2DbClassLibrary.dll' because it is being used by another process. The file is locked by: "TBin2DbConsole (159120)" [C:\Users\admin\Desktop\BinaryFileIntegration\TBin2DbConsole\ToshibaMachines2Local.csproj]
C:\Program Files\dotnet\sdk\9.0.306\Microsoft.Common.CurrentVersion.targets(5093,5): warning MSB3026: Could not copy "C:\Users\admin\Desktop\BinaryFileIntegration\ToshibaBinary2DbClassLibrary\bin\Debug\ToshibaBinary2DbClassLibrary.dll" to "bin\Debug\ToshibaBinary2DbClassLibrary.dll". Beginning retry 7 in 1000ms. The process cannot access the file 'C:\Users\admin\Desktop\BinaryFileIntegration\TBin2DbConsole\bin\Debug\ToshibaBinary2DbClassLibrary.dll' because it is being used by another process. The file is locked by: "TBin2DbConsole (159120)" [C:\Users\admin\Desktop\BinaryFileIntegration\TBin2DbConsole\ToshibaMachines2Local.csproj]
C:\Program Files\dotnet\sdk\9.0.306\Microsoft.Common.CurrentVersion.targets(5093,5): warning MSB3026: Could not copy "C:\Users\admin\Desktop\BinaryFileIntegration\ToshibaBinary2DbClassLibrary\bin\Debug\ToshibaBinary2DbClassLibrary.dll" to "bin\Debug\ToshibaBinary2DbClassLibrary.dll". Beginning retry 8 in 1000ms. The process cannot access the file 'C:\Users\admin\Desktop\BinaryFileIntegration\TBin2DbConsole\bin\Debug\ToshibaBinary2DbClassLibrary.dll' because it is being used by another process. The file is locked by: "TBin2DbConsole (159120)" [C:\Users\admin\Desktop\BinaryFileIntegration\TBin2DbConsole\ToshibaMachines2Local.csproj]
C:\Program Files\dotnet\sdk\9.0.306\Microsoft.Common.CurrentVersion.targets(5093,5): warning MSB3026: Could not copy "C:\Users\admin\Desktop\BinaryFileIntegration\ToshibaBinary2DbClassLibrary\bin\Debug\ToshibaBinary2DbClassLibrary.dll" to "bin\Debug\ToshibaBinary2DbClassLibrary.dll". Beginning retry 9 in 1000ms. The process cannot access the file 'C:\Users\admin\Desktop\BinaryFileIntegration\TBin2DbConsole\bin\Debug\ToshibaBinary2DbClassLibrary.dll' because it is being used by another process. The file is locked by: "TBin2DbConsole (159120)" [C:\Users\admin\Desktop\BinaryFileIntegration\TBin2DbConsole\ToshibaMachines2Local.csproj]
C:\Program Files\dotnet\sdk\9.0.306\Microsoft.Common.CurrentVersion.targets(5093,5): warning MSB3026: Could not copy "C:\Users\admin\Desktop\BinaryFileIntegration\ToshibaBinary2DbClassLibrary\bin\Debug\ToshibaBinary2DbClassLibrary.dll" to "bin\Debug\ToshibaBinary2DbClassLibrary.dll". Beginning retry 10 in 1000ms. The process cannot access the file 'C:\Users\admin\Desktop\BinaryFileIntegration\TBin2DbConsole\bin\Debug\ToshibaBinary2DbClassLibrary.dll' because it is being used by another process. The file is locked by: "TBin2DbConsole (159120)" [C:\Users\admin\Desktop\BinaryFileIntegration\TBin2DbConsole\ToshibaMachines2Local.csproj]
C:\Program Files\dotnet\sdk\9.0.306\Microsoft.Common.CurrentVersion.targets(5093,5): error MSB3027: Could not copy "C:\Users\admin\Desktop\BinaryFileIntegration\ToshibaBinary2DbClassLibrary\bin\Debug\ToshibaBinary2DbClassLibrary.dll" to "bin\Debug\ToshibaBinary2DbClassLibrary.dll". Exceeded retry count of 10. Failed. The file is locked by: "TBin2DbConsole (159120)" [C:\Users\admin\Desktop\BinaryFileIntegration\TBin2DbConsole\ToshibaMachines2Local.csproj]
C:\Program Files\dotnet\sdk\9.0.306\Microsoft.Common.CurrentVersion.targets(5093,5): error MSB3021: Unable to copy file "C:\Users\admin\Desktop\BinaryFileIntegration\ToshibaBinary2DbClassLibrary\bin\Debug\ToshibaBinary2DbClassLibrary.dll" to "bin\Debug\ToshibaBinary2DbClassLibrary.dll". The process cannot access the file 'C:\Users\admin\Desktop\BinaryFileIntegration\TBin2DbConsole\bin\Debug\ToshibaBinary2DbClassLibrary.dll' because it is being used by another process. [C:\Users\admin\Desktop\BinaryFileIntegration\TBin2DbConsole\ToshibaMachines2Local.csproj]

Build FAILED.

C:\Program Files\dotnet\sdk\9.0.306\Microsoft.Common.CurrentVersion.targets(5093,5): warning MSB3026: Could not copy "C:\Users\admin\Desktop\BinaryFileIntegration\ToshibaBinary2DbClassLibrary\bin\Debug\ToshibaBinary2DbClassLibrary.dll" to "bin\Debug\ToshibaBinary2DbClassLibrary.dll". Beginning retry 1 in 1000ms. The process cannot access the file 'C:\Users\admin\Desktop\BinaryFileIntegration\TBin2DbConsole\bin\Debug\ToshibaBinary2DbClassLibrary.dll' because it is being used by another process. The file is locked by: "TBin2DbConsole (159120)" [C:\Users\admin\Desktop\BinaryFileIntegration\TBin2DbConsole\ToshibaMachines2Local.csproj]
C:\Program Files\dotnet\sdk\9.0.306\Microsoft.Common.CurrentVersion.targets(5093,5): warning MSB3026: Could not copy "C:\Users\admin\Desktop\BinaryFileIntegration\ToshibaBinary2DbClassLibrary\bin\Debug\ToshibaBinary2DbClassLibrary.dll" to "bin\Debug\ToshibaBinary2DbClassLibrary.dll". Beginning retry 2 in 1000ms. The process cannot access the file 'C:\Users\admin\Desktop\BinaryFileIntegration\TBin2DbConsole\bin\Debug\ToshibaBinary2DbClassLibrary.dll' because it is being used by another process. The file is locked by: "TBin2DbConsole (159120)" [C:\Users\admin\Desktop\BinaryFileIntegration\TBin2DbConsole\ToshibaMachines2Local.csproj]
C:\Program Files\dotnet\sdk\9.0.306\Microsoft.Common.CurrentVersion.targets(5093,5): warning MSB3026: Could not copy "C:\Users\admin\Desktop\BinaryFileIntegration\ToshibaBinary2DbClassLibrary\bin\Debug\ToshibaBinary2DbClassLibrary.dll" to "bin\Debug\ToshibaBinary2DbClassLibrary.dll". Beginning retry 3 in 1000ms. The process cannot access the file 'C:\Users\admin\Desktop\BinaryFileIntegration\TBin2DbConsole\bin\Debug\ToshibaBinary2DbClassLibrary.dll' because it is being used by another process. The file is locked by: "TBin2DbConsole (159120)" [C:\Users\admin\Desktop\BinaryFileIntegration\TBin2DbConsole\ToshibaMachines2Local.csproj]
C:\Program Files\dotnet\sdk\9.0.306\Microsoft.Common.CurrentVersion.targets(5093,5): warning MSB3026: Could not copy "C:\Users\admin\Desktop\BinaryFileIntegration\ToshibaBinary2DbClassLibrary\bin\Debug\ToshibaBinary2DbClassLibrary.dll" to "bin\Debug\ToshibaBinary2DbClassLibrary.dll". Beginning retry 4 in 1000ms. The process cannot access the file 'C:\Users\admin\Desktop\BinaryFileIntegration\TBin2DbConsole\bin\Debug\ToshibaBinary2DbClassLibrary.dll' because it is being used by another process. The file is locked by: "TBin2DbConsole (159120)" [C:\Users\admin\Desktop\BinaryFileIntegration\TBin2DbConsole\ToshibaMachines2Local.csproj]
C:\Program Files\dotnet\sdk\9.0.306\Microsoft.Common.CurrentVersion.targets(5093,5): warning MSB3026: Could not copy "C:\Users\admin\Desktop\BinaryFileIntegration\ToshibaBinary2DbClassLibrary\bin\Debug\ToshibaBinary2DbClassLibrary.dll" to "bin\Debug\ToshibaBinary2DbClassLibrary.dll". Beginning retry 5 in 1000ms. The process cannot access the file 'C:\Users\admin\Desktop\BinaryFileIntegration\TBin2DbConsole\bin\Debug\ToshibaBinary2DbClassLibrary.dll' because it is being used by another process. The file is locked by: "TBin2DbConsole (159120)" [C:\Users\admin\Desktop\BinaryFileIntegration\TBin2DbConsole\ToshibaMachines2Local.csproj]
C:\Program Files\dotnet\sdk\9.0.306\Microsoft.Common.CurrentVersion.targets(5093,5): warning MSB3026: Could not copy "C:\Users\admin\Desktop\BinaryFileIntegration\ToshibaBinary2DbClassLibrary\bin\Debug\ToshibaBinary2DbClassLibrary.dll" to "bin\Debug\ToshibaBinary2DbClassLibrary.dll". Beginning retry 6 in 1000ms. The process cannot access the file 'C:\Users\admin\Desktop\BinaryFileIntegration\TBin2DbConsole\bin\Debug\ToshibaBinary2DbClassLibrary.dll' because it is being used by another process. The file is locked by: "TBin2DbConsole (159120)" [C:\Users\admin\Desktop\BinaryFileIntegration\TBin2DbConsole\ToshibaMachines2Local.csproj]
C:\Program Files\dotnet\sdk\9.0.306\Microsoft.Common.CurrentVersion.targets(5093,5): warning MSB3026: Could not copy "C:\Users\admin\Desktop\BinaryFileIntegration\ToshibaBinary2DbClassLibrary\bin\Debug\ToshibaBinary2DbClassLibrary.dll" to "bin\Debug\ToshibaBinary2DbClassLibrary.dll". Beginning retry 7 in 1000ms. The process cannot access the file 'C:\Users\admin\Desktop\BinaryFileIntegration\TBin2DbConsole\bin\Debug\ToshibaBinary2DbClassLibrary.dll' because it is being used by another process. The file is locked by: "TBin2DbConsole (159120)" [C:\Users\admin\Desktop\BinaryFileIntegration\TBin2DbConsole\ToshibaMachines2Local.csproj]
C:\Program Files\dotnet\sdk\9.0.306\Microsoft.Common.CurrentVersion.targets(5093,5): warning MSB3026: Could not copy "C:\Users\admin\Desktop\BinaryFileIntegration\ToshibaBinary2DbClassLibrary\bin\Debug\ToshibaBinary2DbClassLibrary.dll" to "bin\Debug\ToshibaBinary2DbClassLibrary.dll". Beginning retry 8 in 1000ms. The process cannot access the file 'C:\Users\admin\Desktop\BinaryFileIntegration\TBin2DbConsole\bin\Debug\ToshibaBinary2DbClassLibrary.dll' because it is being used by another process. The file is locked by: "TBin2DbConsole (159120)" [C:\Users\admin\Desktop\BinaryFileIntegration\TBin2DbConsole\ToshibaMachines2Local.csproj]
C:\Program Files\dotnet\sdk\9.0.306\Microsoft.Common.CurrentVersion.targets(5093,5): warning MSB3026: Could not copy "C:\Users\admin\Desktop\BinaryFileIntegration\ToshibaBinary2DbClassLibrary\bin\Debug\ToshibaBinary2DbClassLibrary.dll" to "bin\Debug\ToshibaBinary2DbClassLibrary.dll". Beginning retry 9 in 1000ms. The process cannot access the file 'C:\Users\admin\Desktop\BinaryFileIntegration\TBin2DbConsole\bin\Debug\ToshibaBinary2DbClassLibrary.dll' because it is being used by another process. The file is locked by: "TBin2DbConsole (159120)" [C:\Users\admin\Desktop\BinaryFileIntegration\TBin2DbConsole\ToshibaMachines2Local.csproj]
C:\Program Files\dotnet\sdk\9.0.306\Microsoft.Common.CurrentVersion.targets(5093,5): warning MSB3026: Could not copy "C:\Users\admin\Desktop\BinaryFileIntegration\ToshibaBinary2DbClassLibrary\bin\Debug\ToshibaBinary2DbClassLibrary.dll" to "bin\Debug\ToshibaBinary2DbClassLibrary.dll". Beginning retry 10 in 1000ms. The process cannot access the file 'C:\Users\admin\Desktop\BinaryFileIntegration\TBin2DbConsole\bin\Debug\ToshibaBinary2DbClassLibrary.dll' because it is being used by another process. The file is locked by: "TBin2DbConsole (159120)" [C:\Users\admin\Desktop\BinaryFileIntegration\TBin2DbConsole\ToshibaMachines2Local.csproj]
C:\Users\admin\Desktop\BinaryFileIntegration\ToshibaBinary2Database\Program.cs(72,1): error CS8300: Merge conflict marker encountered [C:\Users\admin\Desktop\BinaryFileIntegration\ToshibaBinary2Database\ToshibaBinary2Database.csproj]
C:\Users\admin\Desktop\BinaryFileIntegration\ToshibaBinary2Database\Program.cs(76,1): error CS8300: Merge conflict marker encountered [C:\Users\admin\Desktop\BinaryFileIntegration\ToshibaBinary2Database\ToshibaBinary2Database.csproj]
C:\Users\admin\Desktop\BinaryFileIntegration\ToshibaBinary2Database\Program.cs(98,1): error CS8300: Merge conflict marker encountered [C:\Users\admin\Desktop\BinaryFileIntegration\ToshibaBinary2Database\ToshibaBinary2Database.csproj]
C:\Program Files\dotnet\sdk\9.0.306\Microsoft.Common.CurrentVersion.targets(3455,5): error MSB4216: Could not run the "GenerateResource" task because MSBuild could not create or connect to a task host with runtime "NET" and architecture "x86".  Please ensure that (1) the requested runtime and/or architecture are available on the machine, and (2) that the required executable "C:\Program Files\dotnet\sdk\9.0.306\MSBuild.dll" exists and can be run. [C:\Users\admin\Desktop\BinaryFileIntegration\ToshibaMacine2Local2DbWinService\ToshibaMacine2Local2DbWinService.csproj]
C:\Program Files\dotnet\sdk\9.0.306\Microsoft.Common.CurrentVersion.targets(3479,7): error MSB4028: The "GenerateResource" task's outputs could not be retrieved from the "FilesWritten" parameter. Object type Microsoft.Build.Tasks.GenerateResource does not match target type Microsoft.Build.BackEnd.TaskHostTask. [C:\Users\admin\Desktop\BinaryFileIntegration\ToshibaMacine2Local2DbWinService\ToshibaMacine2Local2DbWinService.csproj]
C:\Program Files\dotnet\sdk\9.0.306\Microsoft.Common.CurrentVersion.targets(5093,5): error MSB3027: Could not copy "C:\Users\admin\Desktop\BinaryFileIntegration\ToshibaBinary2DbClassLibrary\bin\Debug\ToshibaBinary2DbClassLibrary.dll" to "bin\Debug\ToshibaBinary2DbClassLibrary.dll". Exceeded retry count of 10. Failed. The file is locked by: "TBin2DbConsole (159120)" [C:\Users\admin\Desktop\BinaryFileIntegration\TBin2DbConsole\ToshibaMachines2Local.csproj]
C:\Program Files\dotnet\sdk\9.0.306\Microsoft.Common.CurrentVersion.targets(5093,5): error MSB3021: Unable to copy file "C:\Users\admin\Desktop\BinaryFileIntegration\ToshibaBinary2DbClassLibrary\bin\Debug\ToshibaBinary2DbClassLibrary.dll" to "bin\Debug\ToshibaBinary2DbClassLibrary.dll". The process cannot access the file 'C:\Users\admin\Desktop\BinaryFileIntegration\TBin2DbConsole\bin\Debug\ToshibaBinary2DbClassLibrary.dll' because it is being used by another process. [C:\Users\admin\Desktop\BinaryFileIntegration\TBin2DbConsole\ToshibaMachines2Local.csproj]
    10 Warning(s)
    7 Error(s)

Time Elapsed 00:00:13.09

Workload updates are available. Run `dotnet workload list` for more information.
