MSBuild version 17.14.23+b0019275e for .NET Framework
Build started 12/29/2025 5:33:41 PM.

Project "d:\latestBinary\BinaryFileIntegration\ToshibaBinary2Db.sln" on node 1 (Build target(s)).
ValidateSolutionConfiguration:
  Building solution configuration "Release|Any CPU".
Project "d:\latestBinary\BinaryFileIntegration\ToshibaBinary2Db.sln" (1) is building "d:\latestBinary\BinaryFileIntegration\TBin2DbConsole\ToshibaMachines2Local.csproj" (2) on node 1 (default targets).
Project "d:\latestBinary\BinaryFileIntegration\TBin2DbConsole\ToshibaMachines2Local.csproj" (2) is building "d:\latestBinary\BinaryFileIntegration\ToshibaBinary2DbClassLibrary\ToshibaBinary2DbClassLibrary.csproj" (3:2) on node 1 (default targets).
NLogSchema_Copy:
  NLog.Schema copy 'd:\latestBinary\BinaryFileIntegration\packages\NLog.Schema.6.0.5\build\/../content/NLog.xsd' file to project folder 'd:\latestBinary\BinaryFileIntegration\ToshibaBinary2DbClassLibrary\'
GenerateTargetFrameworkMonikerAttribute:
Skipping target "GenerateTargetFrameworkMonikerAttribute" because all output files are up-to-date with respect to the input files.
CoreCompile:
  C:\Program Files\Microsoft Visual Studio\2022\Community\MSBuild\Current\Bin\Roslyn\csc.exe /noconfig /nowarn:1701,1702 /fullpaths /nostdlib+ /errorreport:prompt /warn:4 /define:TRACE /highentropyva+ /reference:d:\latestBinary\BinaryFileIntegration\packages\Dapper.2.1.66\lib\net461\Dapper.dll /reference:d:\latestBinary\BinaryFileIntegration\packages\Microsoft.Bcl.AsyncInterfaces.10.0.0-rc.2.25502.107\lib\net462\Microsoft.Bcl.AsyncInterfaces.dll /reference:"C:\Program Files (x86)\Reference Assemblies\Microsoft\Framework\.NETFramework\v4.7.2\Microsoft.CSharp.dll" /reference:"C:\Program Files (x86)\Reference Assemblies\Microsoft\Framework\.NETFramework\v4.7.2\mscorlib.dll" /reference:d:\latestBinary\BinaryFileIntegration\packages\NLog.6.0.5\lib\net46\NLog.dll /reference:"C:\Program Files (x86)\Reference Assemblies\Microsoft\Framework\.NETFramework\v4.7.2\System.Configuration.dll" /reference:"C:\Program Files (x86)\Reference Assemblies\Microsoft\Framework\.NETFramework\v4.7.2\System.Core.dll" /reference:"C:\Program Files (x86)\Reference Assemblies\Microsoft\Framework\.NETFramework\v4.7.2\System.Data.DataSetExtensions.dll" /reference:"C:\Program Files (x86)\Reference Assemblies\Microsoft\Framework\.NETFramework\v4.7.2\System.Data.dll" /reference:d:\latestBinary\BinaryFileIntegration\packages\System.Data.SqlClient.4.9.0\lib\net462\System.Data.SqlClient.dll /reference:"C:\Program Files (x86)\Reference Assemblies\Microsoft\Framework\.NETFramework\v4.7.2\System.dll" /reference:"C:\Program Files (x86)\Reference Assemblies\Microsoft\Framework\.NETFramework\v4.7.2\System.IO.Compression.dll" /reference:"C:\Program Files (x86)\Reference Assemblies\Microsoft\Framework\.NETFramework\v4.7.2\System.Net.Http.dll" /reference:d:\latestBinary\BinaryFileIntegration\packages\System.Runtime.CompilerServices.Unsafe.6.1.2\lib\net462\System.Runtime.CompilerServices.Unsafe.dll /reference:d:\latestBinary\BinaryFileIntegration\packages\System.Threading.Tasks.Extensions.4.6.3\lib\net462\System.Threading.Tasks.Extensions.dll /reference:"C:\Program Files (x86)\Reference Assemblies\Microsoft\Framework\.NETFramework\v4.7.2\System.Xml.dll" /reference:"C:\Program Files (x86)\Reference Assemblies\Microsoft\Framework\.NETFramework\v4.7.2\System.Xml.Linq.dll" /reference:d:\latestBinary\BinaryFileIntegration\packages\WinSCP.6.5.4\lib\net40\WinSCPnet.dll /debug:pdbonly /filealign:512 /optimize+ /out:obj\Release\ToshibaBinary2DbClassLibrary.dll /subsystemversion:6.00 /target:library /utf8output /deterministic+ /langversion:7.3 Model\Alarm_Data.cs Model\ApplicationLogs.cs Model\BinaryReaderExtensions.cs Model\Local2MachineFileTransfer.cs Model\Machine2LocalFileTransfer.cs Model\Machine_Data.cs Model\MoldMachineValidation.cs Model\Moulding_Data.cs Model\Performance_CycleTime.cs Model\ProcessData.cs Model\ProdDateAndShift.cs Properties\AssemblyInfo.cs "obj\Release\.NETFramework,Version=v4.7.2.AssemblyAttributes.cs"
  CompilerServer: server - server processed compilation - ToshibaBinary2DbClassLibrary
_CopyFilesMarkedCopyLocal:
  Copying file from "d:\latestBinary\BinaryFileIntegration\packages\Dapper.2.1.66\lib\net461\Dapper.dll" to "d:\latestBinary\BinaryFileIntegration\ToshibaBinary2DbClassLibrary\bin\Release\Dapper.dll".
  Copying file from "d:\latestBinary\BinaryFileIntegration\packages\NLog.6.0.5\lib\net46\NLog.dll" to "d:\latestBinary\BinaryFileIntegration\ToshibaBinary2DbClassLibrary\bin\Release\NLog.dll".
  Copying file from "d:\latestBinary\BinaryFileIntegration\packages\System.Data.SqlClient.4.9.0\lib\net462\System.Data.SqlClient.dll" to "d:\latestBinary\BinaryFileIntegration\ToshibaBinary2DbClassLibrary\bin\Release\System.Data.SqlClient.dll".
  Copying file from "d:\latestBinary\BinaryFileIntegration\packages\System.Runtime.CompilerServices.Unsafe.6.1.2\lib\net462\System.Runtime.CompilerServices.Unsafe.dll" to "d:\latestBinary\BinaryFileIntegration\ToshibaBinary2DbClassLibrary\bin\Release\System.Runtime.CompilerServices.Unsafe.dll".
  Copying file from "d:\latestBinary\BinaryFileIntegration\packages\System.Threading.Tasks.Extensions.4.6.3\lib\net462\System.Threading.Tasks.Extensions.dll" to "d:\latestBinary\BinaryFileIntegration\ToshibaBinary2DbClassLibrary\bin\Release\System.Threading.Tasks.Extensions.dll".
  Copying file from "d:\latestBinary\BinaryFileIntegration\packages\Microsoft.Bcl.AsyncInterfaces.10.0.0-rc.2.25502.107\lib\net462\Microsoft.Bcl.AsyncInterfaces.dll" to "d:\latestBinary\BinaryFileIntegration\ToshibaBinary2DbClassLibrary\bin\Release\Microsoft.Bcl.AsyncInterfaces.dll".
  Copying file from "d:\latestBinary\BinaryFileIntegration\packages\WinSCP.6.5.4\lib\net40\WinSCPnet.dll" to "d:\latestBinary\BinaryFileIntegration\ToshibaBinary2DbClassLibrary\bin\Release\WinSCPnet.dll".
  Copying file from "d:\latestBinary\BinaryFileIntegration\packages\Dapper.2.1.66\lib\net461\Dapper.xml" to "d:\latestBinary\BinaryFileIntegration\ToshibaBinary2DbClassLibrary\bin\Release\Dapper.xml".
  Copying file from "d:\latestBinary\BinaryFileIntegration\packages\NLog.6.0.5\lib\net46\NLog.xml" to "d:\latestBinary\BinaryFileIntegration\ToshibaBinary2DbClassLibrary\bin\Release\NLog.xml".
  Copying file from "d:\latestBinary\BinaryFileIntegration\packages\Microsoft.Bcl.AsyncInterfaces.10.0.0-rc.2.25502.107\lib\net462\Microsoft.Bcl.AsyncInterfaces.xml" to "d:\latestBinary\BinaryFileIntegration\ToshibaBinary2DbClassLibrary\bin\Release\Microsoft.Bcl.AsyncInterfaces.xml".
  Copying file from "d:\latestBinary\BinaryFileIntegration\packages\System.Data.SqlClient.4.9.0\lib\net462\System.Data.SqlClient.xml" to "d:\latestBinary\BinaryFileIntegration\ToshibaBinary2DbClassLibrary\bin\Release\System.Data.SqlClient.xml".
  Copying file from "d:\latestBinary\BinaryFileIntegration\packages\System.Runtime.CompilerServices.Unsafe.6.1.2\lib\net462\System.Runtime.CompilerServices.Unsafe.xml" to "d:\latestBinary\BinaryFileIntegration\ToshibaBinary2DbClassLibrary\bin\Release\System.Runtime.CompilerServices.Unsafe.xml".
  Copying file from "d:\latestBinary\BinaryFileIntegration\packages\System.Threading.Tasks.Extensions.4.6.3\lib\net462\System.Threading.Tasks.Extensions.xml" to "d:\latestBinary\BinaryFileIntegration\ToshibaBinary2DbClassLibrary\bin\Release\System.Threading.Tasks.Extensions.xml".
  Creating "d:\latestBinary\BinaryFileIntegration\ToshibaBinary2DbClassLibrary\obj\Release\ToshibaB.74A1BFA4.Up2Date" because "AlwaysCreate" was specified.
  Touching "d:\latestBinary\BinaryFileIntegration\ToshibaBinary2DbClassLibrary\obj\Release\ToshibaB.74A1BFA4.Up2Date".
_CopyOutOfDateSourceItemsToOutputDirectory:
  Copying file from "d:\latestBinary\BinaryFileIntegration\packages\WinSCP.6.5.4\tools\WinSCP.exe" to "d:\latestBinary\BinaryFileIntegration\ToshibaBinary2DbClassLibrary\bin\Release\WinSCP.exe".
  Copying file from "d:\latestBinary\BinaryFileIntegration\ToshibaBinary2DbClassLibrary\NLog.config" to "d:\latestBinary\BinaryFileIntegration\ToshibaBinary2DbClassLibrary\bin\Release\NLog.config".
  Copying file from "d:\latestBinary\BinaryFileIntegration\ToshibaBinary2DbClassLibrary\app.config" to "d:\latestBinary\BinaryFileIntegration\ToshibaBinary2DbClassLibrary\bin\Release\app.config".
_CopyAppConfigFile:
  Copying file from "d:\latestBinary\BinaryFileIntegration\ToshibaBinary2DbClassLibrary\app.config" to "d:\latestBinary\BinaryFileIntegration\ToshibaBinary2DbClassLibrary\bin\Release\ToshibaBinary2DbClassLibrary.dll.config".
CopyFilesToOutputDirectory:
  Copying file from "d:\latestBinary\BinaryFileIntegration\ToshibaBinary2DbClassLibrary\obj\Release\ToshibaBinary2DbClassLibrary.dll" to "d:\latestBinary\BinaryFileIntegration\ToshibaBinary2DbClassLibrary\bin\Release\ToshibaBinary2DbClassLibrary.dll".
  ToshibaBinary2DbClassLibrary -> d:\latestBinary\BinaryFileIntegration\ToshibaBinary2DbClassLibrary\bin\Release\ToshibaBinary2DbClassLibrary.dll
  Copying file from "d:\latestBinary\BinaryFileIntegration\ToshibaBinary2DbClassLibrary\obj\Release\ToshibaBinary2DbClassLibrary.pdb" to "d:\latestBinary\BinaryFileIntegration\ToshibaBinary2DbClassLibrary\bin\Release\ToshibaBinary2DbClassLibrary.pdb".
Done Building Project "d:\latestBinary\BinaryFileIntegration\ToshibaBinary2DbClassLibrary\ToshibaBinary2DbClassLibrary.csproj" (default targets).
GenerateTargetFrameworkMonikerAttribute:
Skipping target "GenerateTargetFrameworkMonikerAttribute" because all output files are up-to-date with respect to the input files.
CoreCompile:
  C:\Program Files\Microsoft Visual Studio\2022\Community\MSBuild\Current\Bin\Roslyn\csc.exe /noconfig /nowarn:1701,1702 /fullpaths /nostdlib+ /platform:anycpu32bitpreferred /errorreport:prompt /warn:4 /define:TRACE /highentropyva+ /reference:"C:\Program Files (x86)\Reference Assemblies\Microsoft\Framework\.NETFramework\v4.7.2\Microsoft.CSharp.dll" /reference:"C:\Program Files (x86)\Reference Assemblies\Microsoft\Framework\.NETFramework\v4.7.2\mscorlib.dll" /reference:"C:\Program Files (x86)\Reference Assemblies\Microsoft\Framework\.NETFramework\v4.7.2\System.Configuration.dll" /reference:"C:\Program Files (x86)\Reference Assemblies\Microsoft\Framework\.NETFramework\v4.7.2\System.Core.dll" /reference:"C:\Program Files (x86)\Reference Assemblies\Microsoft\Framework\.NETFramework\v4.7.2\System.Data.DataSetExtensions.dll" /reference:"C:\Program Files (x86)\Reference Assemblies\Microsoft\Framework\.NETFramework\v4.7.2\System.Data.dll" /reference:"C:\Program Files (x86)\Reference Assemblies\Microsoft\Framework\.NETFramework\v4.7.2\System.dll" /reference:"C:\Program Files (x86)\Reference Assemblies\Microsoft\Framework\.NETFramework\v4.7.2\System.IO.Compression.dll" /reference:"C:\Program Files (x86)\Reference Assemblies\Microsoft\Framework\.NETFramework\v4.7.2\System.Net.Http.dll" /reference:d:\latestBinary\BinaryFileIntegration\packages\System.Runtime.CompilerServices.Unsafe.6.1.2\lib\net462\System.Runtime.CompilerServices.Unsafe.dll /reference:"C:\Program Files (x86)\Reference Assemblies\Microsoft\Framework\.NETFramework\v4.7.2\System.Web.Extensions.dll" /reference:"C:\Program Files (x86)\Reference Assemblies\Microsoft\Framework\.NETFramework\v4.7.2\System.Xml.dll" /reference:"C:\Program Files (x86)\Reference Assemblies\Microsoft\Framework\.NETFramework\v4.7.2\System.Xml.Linq.dll" /reference:d:\latestBinary\BinaryFileIntegration\ToshibaBinary2DbClassLibrary\bin\Release\ToshibaBinary2DbClassLibrary.dll /debug:pdbonly /filealign:512 /optimize+ /out:obj\Release\TBin2DbConsole.exe /subsystemversion:6.00 /target:exe /utf8output /deterministic+ /langversion:preview Program.cs Properties\AssemblyInfo.cs "obj\Release\.NETFramework,Version=v4.7.2.AssemblyAttributes.cs"
  CompilerServer: server - server processed compilation - ToshibaMachines2Local
_CopyFilesMarkedCopyLocal:
  Copying file from "d:\latestBinary\BinaryFileIntegration\ToshibaBinary2DbClassLibrary\bin\Release\ToshibaBinary2DbClassLibrary.dll" to "d:\latestBinary\BinaryFileIntegration\TBin2DbConsole\bin\Release\ToshibaBinary2DbClassLibrary.dll".
  Copying file from "d:\latestBinary\BinaryFileIntegration\ToshibaBinary2DbClassLibrary\bin\Release\Microsoft.Bcl.AsyncInterfaces.dll" to "d:\latestBinary\BinaryFileIntegration\TBin2DbConsole\bin\Release\Microsoft.Bcl.AsyncInterfaces.dll".
  Copying file from "d:\latestBinary\BinaryFileIntegration\ToshibaBinary2DbClassLibrary\bin\Release\NLog.dll" to "d:\latestBinary\BinaryFileIntegration\TBin2DbConsole\bin\Release\NLog.dll".
  Copying file from "d:\latestBinary\BinaryFileIntegration\ToshibaBinary2DbClassLibrary\bin\Release\System.Threading.Tasks.Extensions.dll" to "d:\latestBinary\BinaryFileIntegration\TBin2DbConsole\bin\Release\System.Threading.Tasks.Extensions.dll".
  Copying file from "d:\latestBinary\BinaryFileIntegration\ToshibaBinary2DbClassLibrary\bin\Release\ToshibaBinary2DbClassLibrary.pdb" to "d:\latestBinary\BinaryFileIntegration\TBin2DbConsole\bin\Release\ToshibaBinary2DbClassLibrary.pdb".
  Copying file from "d:\latestBinary\BinaryFileIntegration\packages\System.Runtime.CompilerServices.Unsafe.6.1.2\lib\net462\System.Runtime.CompilerServices.Unsafe.dll" to "d:\latestBinary\BinaryFileIntegration\TBin2DbConsole\bin\Release\System.Runtime.CompilerServices.Unsafe.dll".
  Copying file from "d:\latestBinary\BinaryFileIntegration\ToshibaBinary2DbClassLibrary\bin\Release\WinSCPnet.dll" to "d:\latestBinary\BinaryFileIntegration\TBin2DbConsole\bin\Release\WinSCPnet.dll".
  Copying file from "d:\latestBinary\BinaryFileIntegration\ToshibaBinary2DbClassLibrary\bin\Release\Dapper.dll" to "d:\latestBinary\BinaryFileIntegration\TBin2DbConsole\bin\Release\Dapper.dll".
  Copying file from "d:\latestBinary\BinaryFileIntegration\ToshibaBinary2DbClassLibrary\bin\Release\ToshibaBinary2DbClassLibrary.dll.config" to "d:\latestBinary\BinaryFileIntegration\TBin2DbConsole\bin\Release\ToshibaBinary2DbClassLibrary.dll.config".
  Copying file from "d:\latestBinary\BinaryFileIntegration\ToshibaBinary2DbClassLibrary\bin\Release\NLog.xml" to "d:\latestBinary\BinaryFileIntegration\TBin2DbConsole\bin\Release\NLog.xml".
  Copying file from "d:\latestBinary\BinaryFileIntegration\ToshibaBinary2DbClassLibrary\bin\Release\Dapper.xml" to "d:\latestBinary\BinaryFileIntegration\TBin2DbConsole\bin\Release\Dapper.xml".
  Copying file from "d:\latestBinary\BinaryFileIntegration\packages\System.Runtime.CompilerServices.Unsafe.6.1.2\lib\net462\System.Runtime.CompilerServices.Unsafe.xml" to "d:\latestBinary\BinaryFileIntegration\TBin2DbConsole\bin\Release\System.Runtime.CompilerServices.Unsafe.xml".
  Copying file from "d:\latestBinary\BinaryFileIntegration\ToshibaBinary2DbClassLibrary\bin\Release\Microsoft.Bcl.AsyncInterfaces.xml" to "d:\latestBinary\BinaryFileIntegration\TBin2DbConsole\bin\Release\Microsoft.Bcl.AsyncInterfaces.xml".
  Copying file from "d:\latestBinary\BinaryFileIntegration\ToshibaBinary2DbClassLibrary\bin\Release\System.Threading.Tasks.Extensions.xml" to "d:\latestBinary\BinaryFileIntegration\TBin2DbConsole\bin\Release\System.Threading.Tasks.Extensions.xml".
  Creating "d:\latestBinary\BinaryFileIntegration\TBin2DbConsole\obj\Release\ToshibaM.D1449D72.Up2Date" because "AlwaysCreate" was specified.
  Touching "d:\latestBinary\BinaryFileIntegration\TBin2DbConsole\obj\Release\ToshibaM.D1449D72.Up2Date".
_CopyOutOfDateSourceItemsToOutputDirectory:
  Copying file from "d:\latestBinary\BinaryFileIntegration\ToshibaBinary2DbClassLibrary\app.config" to "d:\latestBinary\BinaryFileIntegration\TBin2DbConsole\bin\Release\app.config".
  Copying file from "d:\latestBinary\BinaryFileIntegration\packages\WinSCP.6.5.4\tools\WinSCP.exe" to "d:\latestBinary\BinaryFileIntegration\TBin2DbConsole\bin\Release\WinSCP.exe".
  Copying file from "d:\latestBinary\BinaryFileIntegration\ToshibaBinary2DbClassLibrary\NLog.config" to "d:\latestBinary\BinaryFileIntegration\TBin2DbConsole\bin\Release\NLog.config".
_CopyAppConfigFile:
  Copying file from "d:\latestBinary\BinaryFileIntegration\TBin2DbConsole\App.config" to "d:\latestBinary\BinaryFileIntegration\TBin2DbConsole\bin\Release\TBin2DbConsole.exe.config".
CopyFilesToOutputDirectory:
  Copying file from "d:\latestBinary\BinaryFileIntegration\TBin2DbConsole\obj\Release\TBin2DbConsole.exe" to "d:\latestBinary\BinaryFileIntegration\TBin2DbConsole\bin\Release\TBin2DbConsole.exe".
  ToshibaMachines2Local -> d:\latestBinary\BinaryFileIntegration\TBin2DbConsole\bin\Release\TBin2DbConsole.exe
  Copying file from "d:\latestBinary\BinaryFileIntegration\TBin2DbConsole\obj\Release\TBin2DbConsole.pdb" to "d:\latestBinary\BinaryFileIntegration\TBin2DbConsole\bin\Release\TBin2DbConsole.pdb".
Done Building Project "d:\latestBinary\BinaryFileIntegration\TBin2DbConsole\ToshibaMachines2Local.csproj" (default targets).
Project "d:\latestBinary\BinaryFileIntegration\ToshibaBinary2Db.sln" (1) is building "d:\latestBinary\BinaryFileIntegration\ToshibaBinary2Database\ToshibaBinary2Database.csproj" (4) on node 1 (default targets).
GenerateTargetFrameworkMonikerAttribute:
Skipping target "GenerateTargetFrameworkMonikerAttribute" because all output files are up-to-date with respect to the input files.
CoreCompile:
  C:\Program Files\Microsoft Visual Studio\2022\Community\MSBuild\Current\Bin\Roslyn\csc.exe /noconfig /nowarn:1701,1702 /fullpaths /nostdlib+ /platform:anycpu32bitpreferred /errorreport:prompt /warn:4 /define:TRACE /highentropyva+ /reference:"C:\Program Files (x86)\Reference Assemblies\Microsoft\Framework\.NETFramework\v4.7.2\Microsoft.CSharp.dll" /reference:"C:\Program Files (x86)\Reference Assemblies\Microsoft\Framework\.NETFramework\v4.7.2\mscorlib.dll" /reference:"C:\Program Files (x86)\Reference Assemblies\Microsoft\Framework\.NETFramework\v4.7.2\System.Configuration.dll" /reference:"C:\Program Files (x86)\Reference Assemblies\Microsoft\Framework\.NETFramework\v4.7.2\System.Core.dll" /reference:"C:\Program Files (x86)\Reference Assemblies\Microsoft\Framework\.NETFramework\v4.7.2\System.Data.DataSetExtensions.dll" /reference:"C:\Program Files (x86)\Reference Assemblies\Microsoft\Framework\.NETFramework\v4.7.2\System.Data.dll" /reference:"C:\Program Files (x86)\Reference Assemblies\Microsoft\Framework\.NETFramework\v4.7.2\System.dll" /reference:"C:\Program Files (x86)\Reference Assemblies\Microsoft\Framework\.NETFramework\v4.7.2\System.IO.Compression.dll" /reference:"C:\Program Files (x86)\Reference Assemblies\Microsoft\Framework\.NETFramework\v4.7.2\System.Net.Http.dll" /reference:d:\latestBinary\BinaryFileIntegration\packages\System.Runtime.CompilerServices.Unsafe.6.1.2\lib\net462\System.Runtime.CompilerServices.Unsafe.dll /reference:"C:\Program Files (x86)\Reference Assemblies\Microsoft\Framework\.NETFramework\v4.7.2\System.Web.Extensions.dll" /reference:"C:\Program Files (x86)\Reference Assemblies\Microsoft\Framework\.NETFramework\v4.7.2\System.Xml.dll" /reference:"C:\Program Files (x86)\Reference Assemblies\Microsoft\Framework\.NETFramework\v4.7.2\System.Xml.Linq.dll" /reference:d:\latestBinary\BinaryFileIntegration\ToshibaBinary2DbClassLibrary\bin\Release\ToshibaBinary2DbClassLibrary.dll /debug:pdbonly /filealign:512 /optimize+ /out:obj\Release\ToshibaBinary2Database.exe /subsystemversion:6.00 /target:exe /utf8output /deterministic+ /langversion:7.3 Program.cs Properties\AssemblyInfo.cs "obj\Release\.NETFramework,Version=v4.7.2.AssemblyAttributes.cs"
  CompilerServer: server - server processed compilation - ToshibaBinary2Database
_CopyFilesMarkedCopyLocal:
  Copying file from "d:\latestBinary\BinaryFileIntegration\packages\System.Runtime.CompilerServices.Unsafe.6.1.2\lib\net462\System.Runtime.CompilerServices.Unsafe.dll" to "d:\latestBinary\BinaryFileIntegration\ToshibaBinary2Database\bin\Release\System.Runtime.CompilerServices.Unsafe.dll".
  Copying file from "d:\latestBinary\BinaryFileIntegration\ToshibaBinary2DbClassLibrary\bin\Release\NLog.dll" to "d:\latestBinary\BinaryFileIntegration\ToshibaBinary2Database\bin\Release\NLog.dll".
  Copying file from "d:\latestBinary\BinaryFileIntegration\ToshibaBinary2DbClassLibrary\bin\Release\WinSCPnet.dll" to "d:\latestBinary\BinaryFileIntegration\ToshibaBinary2Database\bin\Release\WinSCPnet.dll".
  Copying file from "d:\latestBinary\BinaryFileIntegration\ToshibaBinary2DbClassLibrary\bin\Release\Dapper.dll" to "d:\latestBinary\BinaryFileIntegration\ToshibaBinary2Database\bin\Release\Dapper.dll".
  Copying file from "d:\latestBinary\BinaryFileIntegration\ToshibaBinary2DbClassLibrary\bin\Release\System.Threading.Tasks.Extensions.dll" to "d:\latestBinary\BinaryFileIntegration\ToshibaBinary2Database\bin\Release\System.Threading.Tasks.Extensions.dll".
  Copying file from "d:\latestBinary\BinaryFileIntegration\ToshibaBinary2DbClassLibrary\bin\Release\ToshibaBinary2DbClassLibrary.dll" to "d:\latestBinary\BinaryFileIntegration\ToshibaBinary2Database\bin\Release\ToshibaBinary2DbClassLibrary.dll".
  Copying file from "d:\latestBinary\BinaryFileIntegration\ToshibaBinary2DbClassLibrary\bin\Release\Microsoft.Bcl.AsyncInterfaces.dll" to "d:\latestBinary\BinaryFileIntegration\ToshibaBinary2Database\bin\Release\Microsoft.Bcl.AsyncInterfaces.dll".
  Copying file from "d:\latestBinary\BinaryFileIntegration\ToshibaBinary2DbClassLibrary\bin\Release\ToshibaBinary2DbClassLibrary.pdb" to "d:\latestBinary\BinaryFileIntegration\ToshibaBinary2Database\bin\Release\ToshibaBinary2DbClassLibrary.pdb".
  Copying file from "d:\latestBinary\BinaryFileIntegration\ToshibaBinary2DbClassLibrary\bin\Release\ToshibaBinary2DbClassLibrary.dll.config" to "d:\latestBinary\BinaryFileIntegration\ToshibaBinary2Database\bin\Release\ToshibaBinary2DbClassLibrary.dll.config".
  Copying file from "d:\latestBinary\BinaryFileIntegration\packages\System.Runtime.CompilerServices.Unsafe.6.1.2\lib\net462\System.Runtime.CompilerServices.Unsafe.xml" to "d:\latestBinary\BinaryFileIntegration\ToshibaBinary2Database\bin\Release\System.Runtime.CompilerServices.Unsafe.xml".
  Copying file from "d:\latestBinary\BinaryFileIntegration\ToshibaBinary2DbClassLibrary\bin\Release\NLog.xml" to "d:\latestBinary\BinaryFileIntegration\ToshibaBinary2Database\bin\Release\NLog.xml".
  Copying file from "d:\latestBinary\BinaryFileIntegration\ToshibaBinary2DbClassLibrary\bin\Release\Dapper.xml" to "d:\latestBinary\BinaryFileIntegration\ToshibaBinary2Database\bin\Release\Dapper.xml".
  Copying file from "d:\latestBinary\BinaryFileIntegration\ToshibaBinary2DbClassLibrary\bin\Release\Microsoft.Bcl.AsyncInterfaces.xml" to "d:\latestBinary\BinaryFileIntegration\ToshibaBinary2Database\bin\Release\Microsoft.Bcl.AsyncInterfaces.xml".
  Copying file from "d:\latestBinary\BinaryFileIntegration\ToshibaBinary2DbClassLibrary\bin\Release\System.Threading.Tasks.Extensions.xml" to "d:\latestBinary\BinaryFileIntegration\ToshibaBinary2Database\bin\Release\System.Threading.Tasks.Extensions.xml".
  Creating "d:\latestBinary\BinaryFileIntegration\ToshibaBinary2Database\obj\Release\ToshibaB.2288684C.Up2Date" because "AlwaysCreate" was specified.
  Touching "d:\latestBinary\BinaryFileIntegration\ToshibaBinary2Database\obj\Release\ToshibaB.2288684C.Up2Date".
_CopyOutOfDateSourceItemsToOutputDirectory:
  Copying file from "d:\latestBinary\BinaryFileIntegration\ToshibaBinary2DbClassLibrary\app.config" to "d:\latestBinary\BinaryFileIntegration\ToshibaBinary2Database\bin\Release\app.config".
  Copying file from "d:\latestBinary\BinaryFileIntegration\ToshibaBinary2DbClassLibrary\NLog.config" to "d:\latestBinary\BinaryFileIntegration\ToshibaBinary2Database\bin\Release\NLog.config".
  Copying file from "d:\latestBinary\BinaryFileIntegration\packages\WinSCP.6.5.4\tools\WinSCP.exe" to "d:\latestBinary\BinaryFileIntegration\ToshibaBinary2Database\bin\Release\WinSCP.exe".
_CopyAppConfigFile:
  Copying file from "d:\latestBinary\BinaryFileIntegration\ToshibaBinary2Database\App.config" to "d:\latestBinary\BinaryFileIntegration\ToshibaBinary2Database\bin\Release\ToshibaBinary2Database.exe.config".
CopyFilesToOutputDirectory:
  Copying file from "d:\latestBinary\BinaryFileIntegration\ToshibaBinary2Database\obj\Release\ToshibaBinary2Database.exe" to "d:\latestBinary\BinaryFileIntegration\ToshibaBinary2Database\bin\Release\ToshibaBinary2Database.exe".
  ToshibaBinary2Database -> d:\latestBinary\BinaryFileIntegration\ToshibaBinary2Database\bin\Release\ToshibaBinary2Database.exe
  Copying file from "d:\latestBinary\BinaryFileIntegration\ToshibaBinary2Database\obj\Release\ToshibaBinary2Database.pdb" to "d:\latestBinary\BinaryFileIntegration\ToshibaBinary2Database\bin\Release\ToshibaBinary2Database.pdb".
Done Building Project "d:\latestBinary\BinaryFileIntegration\ToshibaBinary2Database\ToshibaBinary2Database.csproj" (default targets).
Project "d:\latestBinary\BinaryFileIntegration\ToshibaBinary2Db.sln" (1) is building "d:\latestBinary\BinaryFileIntegration\ToshibaLocal2Machines\ToshibaLocal2Machines.csproj" (5) on node 1 (default targets).
GenerateTargetFrameworkMonikerAttribute:
Skipping target "GenerateTargetFrameworkMonikerAttribute" because all output files are up-to-date with respect to the input files.
CoreCompile:
  C:\Program Files\Microsoft Visual Studio\2022\Community\MSBuild\Current\Bin\Roslyn\csc.exe /noconfig /nowarn:1701,1702 /fullpaths /nostdlib+ /platform:anycpu32bitpreferred /errorreport:prompt /warn:4 /define:TRACE /highentropyva+ /reference:"C:\Program Files (x86)\Reference Assemblies\Microsoft\Framework\.NETFramework\v4.7.2\Microsoft.CSharp.dll" /reference:"C:\Program Files (x86)\Reference Assemblies\Microsoft\Framework\.NETFramework\v4.7.2\mscorlib.dll" /reference:"C:\Program Files (x86)\Reference Assemblies\Microsoft\Framework\.NETFramework\v4.7.2\System.Configuration.dll" /reference:"C:\Program Files (x86)\Reference Assemblies\Microsoft\Framework\.NETFramework\v4.7.2\System.Core.dll" /reference:"C:\Program Files (x86)\Reference Assemblies\Microsoft\Framework\.NETFramework\v4.7.2\System.Data.DataSetExtensions.dll" /reference:"C:\Program Files (x86)\Reference Assemblies\Microsoft\Framework\.NETFramework\v4.7.2\System.Data.dll" /reference:"C:\Program Files (x86)\Reference Assemblies\Microsoft\Framework\.NETFramework\v4.7.2\System.dll" /reference:"C:\Program Files (x86)\Reference Assemblies\Microsoft\Framework\.NETFramework\v4.7.2\System.IO.Compression.dll" /reference:"C:\Program Files (x86)\Reference Assemblies\Microsoft\Framework\.NETFramework\v4.7.2\System.Net.Http.dll" /reference:"C:\Program Files (x86)\Reference Assemblies\Microsoft\Framework\.NETFramework\v4.7.2\System.Xml.dll" /reference:"C:\Program Files (x86)\Reference Assemblies\Microsoft\Framework\.NETFramework\v4.7.2\System.Xml.Linq.dll" /reference:d:\latestBinary\BinaryFileIntegration\ToshibaBinary2DbClassLibrary\bin\Release\ToshibaBinary2DbClassLibrary.dll /reference:d:\latestBinary\BinaryFileIntegration\packages\WinSCP.6.5.4\lib\net40\WinSCPnet.dll /debug:pdbonly /filealign:512 /optimize+ /out:obj\Release\ToshibaLocal2Machines.exe /subsystemversion:6.00 /target:exe /utf8output /deterministic+ /langversion:7.3 Program.cs Properties\AssemblyInfo.cs "obj\Release\.NETFramework,Version=v4.7.2.AssemblyAttributes.cs"
  CompilerServer: server - server processed compilation - ToshibaLocal2Machines
_CopyFilesMarkedCopyLocal:
  Copying file from "d:\latestBinary\BinaryFileIntegration\ToshibaBinary2DbClassLibrary\bin\Release\ToshibaBinary2DbClassLibrary.dll" to "d:\latestBinary\BinaryFileIntegration\ToshibaLocal2Machines\bin\Release\ToshibaBinary2DbClassLibrary.dll".
  Copying file from "d:\latestBinary\BinaryFileIntegration\packages\WinSCP.6.5.4\lib\net40\WinSCPnet.dll" to "d:\latestBinary\BinaryFileIntegration\ToshibaLocal2Machines\bin\Release\WinSCPnet.dll".
  Copying file from "d:\latestBinary\BinaryFileIntegration\ToshibaBinary2DbClassLibrary\bin\Release\Dapper.dll" to "d:\latestBinary\BinaryFileIntegration\ToshibaLocal2Machines\bin\Release\Dapper.dll".
  Copying file from "d:\latestBinary\BinaryFileIntegration\ToshibaBinary2DbClassLibrary\bin\Release\Microsoft.Bcl.AsyncInterfaces.dll" to "d:\latestBinary\BinaryFileIntegration\ToshibaLocal2Machines\bin\Release\Microsoft.Bcl.AsyncInterfaces.dll".
  Copying file from "d:\latestBinary\BinaryFileIntegration\ToshibaBinary2DbClassLibrary\bin\Release\System.Runtime.CompilerServices.Unsafe.dll" to "d:\latestBinary\BinaryFileIntegration\ToshibaLocal2Machines\bin\Release\System.Runtime.CompilerServices.Unsafe.dll".
  Copying file from "d:\latestBinary\BinaryFileIntegration\ToshibaBinary2DbClassLibrary\bin\Release\NLog.dll" to "d:\latestBinary\BinaryFileIntegration\ToshibaLocal2Machines\bin\Release\NLog.dll".
  Copying file from "d:\latestBinary\BinaryFileIntegration\ToshibaBinary2DbClassLibrary\bin\Release\ToshibaBinary2DbClassLibrary.pdb" to "d:\latestBinary\BinaryFileIntegration\ToshibaLocal2Machines\bin\Release\ToshibaBinary2DbClassLibrary.pdb".
  Copying file from "d:\latestBinary\BinaryFileIntegration\ToshibaBinary2DbClassLibrary\bin\Release\System.Threading.Tasks.Extensions.dll" to "d:\latestBinary\BinaryFileIntegration\ToshibaLocal2Machines\bin\Release\System.Threading.Tasks.Extensions.dll".
  Copying file from "d:\latestBinary\BinaryFileIntegration\ToshibaBinary2DbClassLibrary\bin\Release\NLog.xml" to "d:\latestBinary\BinaryFileIntegration\ToshibaLocal2Machines\bin\Release\NLog.xml".
  Copying file from "d:\latestBinary\BinaryFileIntegration\ToshibaBinary2DbClassLibrary\bin\Release\ToshibaBinary2DbClassLibrary.dll.config" to "d:\latestBinary\BinaryFileIntegration\ToshibaLocal2Machines\bin\Release\ToshibaBinary2DbClassLibrary.dll.config".
  Copying file from "d:\latestBinary\BinaryFileIntegration\ToshibaBinary2DbClassLibrary\bin\Release\Dapper.xml" to "d:\latestBinary\BinaryFileIntegration\ToshibaLocal2Machines\bin\Release\Dapper.xml".
  Copying file from "d:\latestBinary\BinaryFileIntegration\ToshibaBinary2DbClassLibrary\bin\Release\Microsoft.Bcl.AsyncInterfaces.xml" to "d:\latestBinary\BinaryFileIntegration\ToshibaLocal2Machines\bin\Release\Microsoft.Bcl.AsyncInterfaces.xml".
  Copying file from "d:\latestBinary\BinaryFileIntegration\ToshibaBinary2DbClassLibrary\bin\Release\System.Threading.Tasks.Extensions.xml" to "d:\latestBinary\BinaryFileIntegration\ToshibaLocal2Machines\bin\Release\System.Threading.Tasks.Extensions.xml".
  Copying file from "d:\latestBinary\BinaryFileIntegration\ToshibaBinary2DbClassLibrary\bin\Release\System.Runtime.CompilerServices.Unsafe.xml" to "d:\latestBinary\BinaryFileIntegration\ToshibaLocal2Machines\bin\Release\System.Runtime.CompilerServices.Unsafe.xml".
  Creating "d:\latestBinary\BinaryFileIntegration\ToshibaLocal2Machines\obj\Release\ToshibaL.F890171C.Up2Date" because "AlwaysCreate" was specified.
  Touching "d:\latestBinary\BinaryFileIntegration\ToshibaLocal2Machines\obj\Release\ToshibaL.F890171C.Up2Date".
_CopyOutOfDateSourceItemsToOutputDirectory:
  Copying file from "d:\latestBinary\BinaryFileIntegration\packages\WinSCP.6.5.4\tools\WinSCP.exe" to "d:\latestBinary\BinaryFileIntegration\ToshibaLocal2Machines\bin\Release\WinSCP.exe".
  Copying file from "d:\latestBinary\BinaryFileIntegration\ToshibaBinary2DbClassLibrary\NLog.config" to "d:\latestBinary\BinaryFileIntegration\ToshibaLocal2Machines\bin\Release\NLog.config".
  Copying file from "d:\latestBinary\BinaryFileIntegration\ToshibaBinary2DbClassLibrary\app.config" to "d:\latestBinary\BinaryFileIntegration\ToshibaLocal2Machines\bin\Release\app.config".
_CopyAppConfigFile:
  Copying file from "d:\latestBinary\BinaryFileIntegration\ToshibaLocal2Machines\App.config" to "d:\latestBinary\BinaryFileIntegration\ToshibaLocal2Machines\bin\Release\ToshibaLocal2Machines.exe.config".
CopyFilesToOutputDirectory:
  Copying file from "d:\latestBinary\BinaryFileIntegration\ToshibaLocal2Machines\obj\Release\ToshibaLocal2Machines.exe" to "d:\latestBinary\BinaryFileIntegration\ToshibaLocal2Machines\bin\Release\ToshibaLocal2Machines.exe".
  ToshibaLocal2Machines -> d:\latestBinary\BinaryFileIntegration\ToshibaLocal2Machines\bin\Release\ToshibaLocal2Machines.exe
  Copying file from "d:\latestBinary\BinaryFileIntegration\ToshibaLocal2Machines\obj\Release\ToshibaLocal2Machines.pdb" to "d:\latestBinary\BinaryFileIntegration\ToshibaLocal2Machines\bin\Release\ToshibaLocal2Machines.pdb".
Done Building Project "d:\latestBinary\BinaryFileIntegration\ToshibaLocal2Machines\ToshibaLocal2Machines.csproj" (default targets).
Project "d:\latestBinary\BinaryFileIntegration\ToshibaBinary2Db.sln" (1) is building "d:\latestBinary\BinaryFileIntegration\ToshibaMacine2Local2DbWinService\ToshibaMacine2Local2DbWinService.csproj" (6) on node 1 (default targets).
NLogSchema_Copy:
  NLog.Schema copy 'd:\latestBinary\BinaryFileIntegration\packages\NLog.Schema.6.0.5\build\/../content/NLog.xsd' file to project folder 'd:\latestBinary\BinaryFileIntegration\ToshibaMacine2Local2DbWinService\'
CoreResGen:
  Processing resource file "ProjectInstaller.resx" into "obj\Release\ToshibaMacine2Local2DbWinService.ProjectInstaller.resources".
GenerateTargetFrameworkMonikerAttribute:
Skipping target "GenerateTargetFrameworkMonikerAttribute" because all output files are up-to-date with respect to the input files.
CoreCompile:
  C:\Program Files\Microsoft Visual Studio\2022\Community\MSBuild\Current\Bin\Roslyn\csc.exe /noconfig /nowarn:1701,1702 /fullpaths /nostdlib+ /platform:anycpu32bitpreferred /errorreport:prompt /warn:4 /define:TRACE /highentropyva+ /reference:d:\latestBinary\BinaryFileIntegration\packages\Microsoft.Bcl.AsyncInterfaces.10.0.0-rc.2.25502.107\lib\net462\Microsoft.Bcl.AsyncInterfaces.dll /reference:"C:\Program Files (x86)\Reference Assemblies\Microsoft\Framework\.NETFramework\v4.7.2\Microsoft.CSharp.dll" /reference:"C:\Program Files (x86)\Reference Assemblies\Microsoft\Framework\.NETFramework\v4.7.2\mscorlib.dll" /reference:d:\latestBinary\BinaryFileIntegration\packages\NLog.6.0.5\lib\net46\NLog.dll /reference:"C:\Program Files (x86)\Reference Assemblies\Microsoft\Framework\.NETFramework\v4.7.2\System.Configuration.dll" /reference:"C:\Program Files (x86)\Reference Assemblies\Microsoft\Framework\.NETFramework\v4.7.2\System.Configuration.Install.dll" /reference:"C:\Program Files (x86)\Reference Assemblies\Microsoft\Framework\.NETFramework\v4.7.2\System.Core.dll" /reference:"C:\Program Files (x86)\Reference Assemblies\Microsoft\Framework\.NETFramework\v4.7.2\System.Data.DataSetExtensions.dll" /reference:"C:\Program Files (x86)\Reference Assemblies\Microsoft\Framework\.NETFramework\v4.7.2\System.Data.dll" /reference:"C:\Program Files (x86)\Reference Assemblies\Microsoft\Framework\.NETFramework\v4.7.2\System.dll" /reference:"C:\Program Files (x86)\Reference Assemblies\Microsoft\Framework\.NETFramework\v4.7.2\System.IO.Compression.dll" /reference:"C:\Program Files (x86)\Reference Assemblies\Microsoft\Framework\.NETFramework\v4.7.2\System.Management.dll" /reference:"C:\Program Files (x86)\Reference Assemblies\Microsoft\Framework\.NETFramework\v4.7.2\System.Net.Http.dll" /reference:d:\latestBinary\BinaryFileIntegration\packages\System.Runtime.CompilerServices.Unsafe.6.1.2\lib\net462\System.Runtime.CompilerServices.Unsafe.dll /reference:"C:\Program Files (x86)\Reference Assemblies\Microsoft\Framework\.NETFramework\v4.7.2\System.ServiceProcess.dll" /reference:d:\latestBinary\BinaryFileIntegration\packages\System.Threading.Tasks.Extensions.4.6.3\lib\net462\System.Threading.Tasks.Extensions.dll /reference:"C:\Program Files (x86)\Reference Assemblies\Microsoft\Framework\.NETFramework\v4.7.2\System.Xml.dll" /reference:"C:\Program Files (x86)\Reference Assemblies\Microsoft\Framework\.NETFramework\v4.7.2\System.Xml.Linq.dll" /reference:d:\latestBinary\BinaryFileIntegration\ToshibaBinary2DbClassLibrary\bin\Release\ToshibaBinary2DbClassLibrary.dll /debug:pdbonly /filealign:512 /optimize+ /out:obj\Release\ToshibaMacine2Local2DbWinService.exe /subsystemversion:6.00 /resource:obj\Release\ToshibaMacine2Local2DbWinService.ProjectInstaller.resources /target:winexe /utf8output /deterministic+ /langversion:7.3 ProjectInstaller.cs ProjectInstaller.Designer.cs Service1.cs Service1.Designer.cs Program.cs Properties\AssemblyInfo.cs "obj\Release\.NETFramework,Version=v4.7.2.AssemblyAttributes.cs"
  CompilerServer: server - server processed compilation - ToshibaMacine2Local2DbWinService
_CopyFilesMarkedCopyLocal:
  Copying file from "d:\latestBinary\BinaryFileIntegration\packages\NLog.6.0.5\lib\net46\NLog.dll" to "d:\latestBinary\BinaryFileIntegration\ToshibaMacine2Local2DbWinService\bin\Release\NLog.dll".
  Copying file from "d:\latestBinary\BinaryFileIntegration\ToshibaBinary2DbClassLibrary\bin\Release\WinSCPnet.dll" to "d:\latestBinary\BinaryFileIntegration\ToshibaMacine2Local2DbWinService\bin\Release\WinSCPnet.dll".
  Copying file from "d:\latestBinary\BinaryFileIntegration\packages\Microsoft.Bcl.AsyncInterfaces.10.0.0-rc.2.25502.107\lib\net462\Microsoft.Bcl.AsyncInterfaces.dll" to "d:\latestBinary\BinaryFileIntegration\ToshibaMacine2Local2DbWinService\bin\Release\Microsoft.Bcl.AsyncInterfaces.dll".
  Copying file from "d:\latestBinary\BinaryFileIntegration\packages\System.Runtime.CompilerServices.Unsafe.6.1.2\lib\net462\System.Runtime.CompilerServices.Unsafe.dll" to "d:\latestBinary\BinaryFileIntegration\ToshibaMacine2Local2DbWinService\bin\Release\System.Runtime.CompilerServices.Unsafe.dll".
  Copying file from "d:\latestBinary\BinaryFileIntegration\packages\System.Threading.Tasks.Extensions.4.6.3\lib\net462\System.Threading.Tasks.Extensions.dll" to "d:\latestBinary\BinaryFileIntegration\ToshibaMacine2Local2DbWinService\bin\Release\System.Threading.Tasks.Extensions.dll".
  Copying file from "d:\latestBinary\BinaryFileIntegration\ToshibaBinary2DbClassLibrary\bin\Release\ToshibaBinary2DbClassLibrary.dll" to "d:\latestBinary\BinaryFileIntegration\ToshibaMacine2Local2DbWinService\bin\Release\ToshibaBinary2DbClassLibrary.dll".
  Copying file from "d:\latestBinary\BinaryFileIntegration\ToshibaBinary2DbClassLibrary\bin\Release\ToshibaBinary2DbClassLibrary.pdb" to "d:\latestBinary\BinaryFileIntegration\ToshibaMacine2Local2DbWinService\bin\Release\ToshibaBinary2DbClassLibrary.pdb".
  Copying file from "d:\latestBinary\BinaryFileIntegration\ToshibaBinary2DbClassLibrary\bin\Release\ToshibaBinary2DbClassLibrary.dll.config" to "d:\latestBinary\BinaryFileIntegration\ToshibaMacine2Local2DbWinService\bin\Release\ToshibaBinary2DbClassLibrary.dll.config".
  Copying file from "d:\latestBinary\BinaryFileIntegration\packages\NLog.6.0.5\lib\net46\NLog.xml" to "d:\latestBinary\BinaryFileIntegration\ToshibaMacine2Local2DbWinService\bin\Release\NLog.xml".
  Copying file from "d:\latestBinary\BinaryFileIntegration\packages\Microsoft.Bcl.AsyncInterfaces.10.0.0-rc.2.25502.107\lib\net462\Microsoft.Bcl.AsyncInterfaces.xml" to "d:\latestBinary\BinaryFileIntegration\ToshibaMacine2Local2DbWinService\bin\Release\Microsoft.Bcl.AsyncInterfaces.xml".
  Copying file from "d:\latestBinary\BinaryFileIntegration\ToshibaBinary2DbClassLibrary\bin\Release\Dapper.dll" to "d:\latestBinary\BinaryFileIntegration\ToshibaMacine2Local2DbWinService\bin\Release\Dapper.dll".
  Copying file from "d:\latestBinary\BinaryFileIntegration\packages\System.Threading.Tasks.Extensions.4.6.3\lib\net462\System.Threading.Tasks.Extensions.xml" to "d:\latestBinary\BinaryFileIntegration\ToshibaMacine2Local2DbWinService\bin\Release\System.Threading.Tasks.Extensions.xml".
  Copying file from "d:\latestBinary\BinaryFileIntegration\packages\System.Runtime.CompilerServices.Unsafe.6.1.2\lib\net462\System.Runtime.CompilerServices.Unsafe.xml" to "d:\latestBinary\BinaryFileIntegration\ToshibaMacine2Local2DbWinService\bin\Release\System.Runtime.CompilerServices.Unsafe.xml".
  Copying file from "d:\latestBinary\BinaryFileIntegration\ToshibaBinary2DbClassLibrary\bin\Release\Dapper.xml" to "d:\latestBinary\BinaryFileIntegration\ToshibaMacine2Local2DbWinService\bin\Release\Dapper.xml".
  Creating "d:\latestBinary\BinaryFileIntegration\ToshibaMacine2Local2DbWinService\obj\Release\ToshibaM.BB225A0C.Up2Date" because "AlwaysCreate" was specified.
  Touching "d:\latestBinary\BinaryFileIntegration\ToshibaMacine2Local2DbWinService\obj\Release\ToshibaM.BB225A0C.Up2Date".
_CopyOutOfDateSourceItemsToOutputDirectory:
  Copying file from "d:\latestBinary\BinaryFileIntegration\packages\WinSCP.6.5.4\tools\WinSCP.exe" to "d:\latestBinary\BinaryFileIntegration\ToshibaMacine2Local2DbWinService\bin\Release\WinSCP.exe".
  Copying file from "d:\latestBinary\BinaryFileIntegration\ToshibaBinary2DbClassLibrary\NLog.config" to "d:\latestBinary\BinaryFileIntegration\ToshibaMacine2Local2DbWinService\bin\Release\NLog.config".
  Copying file from "d:\latestBinary\BinaryFileIntegration\ToshibaBinary2DbClassLibrary\app.config" to "d:\latestBinary\BinaryFileIntegration\ToshibaMacine2Local2DbWinService\bin\Release\app.config".
_CopyAppConfigFile:
  Copying file from "d:\latestBinary\BinaryFileIntegration\ToshibaMacine2Local2DbWinService\App.config" to "d:\latestBinary\BinaryFileIntegration\ToshibaMacine2Local2DbWinService\bin\Release\ToshibaMacine2Local2DbWinService.exe.config".
CopyFilesToOutputDirectory:
  Copying file from "d:\latestBinary\BinaryFileIntegration\ToshibaMacine2Local2DbWinService\obj\Release\ToshibaMacine2Local2DbWinService.exe" to "d:\latestBinary\BinaryFileIntegration\ToshibaMacine2Local2DbWinService\bin\Release\ToshibaMacine2Local2DbWinService.exe".
  ToshibaMacine2Local2DbWinService -> d:\latestBinary\BinaryFileIntegration\ToshibaMacine2Local2DbWinService\bin\Release\ToshibaMacine2Local2DbWinService.exe
  Copying file from "d:\latestBinary\BinaryFileIntegration\ToshibaMacine2Local2DbWinService\obj\Release\ToshibaMacine2Local2DbWinService.pdb" to "d:\latestBinary\BinaryFileIntegration\ToshibaMacine2Local2DbWinService\bin\Release\ToshibaMacine2Local2DbWinService.pdb".
Done Building Project "d:\latestBinary\BinaryFileIntegration\ToshibaMacine2Local2DbWinService\ToshibaMacine2Local2DbWinService.csproj" (default targets).
Done Building Project "d:\latestBinary\BinaryFileIntegration\ToshibaBinary2Db.sln" (Build target(s)).

Build succeeded.
    0 Warning(s)
    0 Error(s)

Time Elapsed 00:00:00.90
